[INFO] Using T1=1500 (B=500 from S1, t=1000 from S2)
[INFO] dims: S1=24, S2=25
[INFO] eval_window=250, detector=adwin, seed=43
[INFO] protocol=old3s_feature_evolution
[INFO] contiguous original stream interval: [119500, 121000), transition=120000
[INFO] INSECTS uses OLD3S-style feature evolution: S1=obsolete+shared, S2=shared+new.
[INFO] shared_frac=0.5, feature_seed=1314, scenario=balanced
[INFO] feature counts: old_only=8, shared=16, new_only=9
[INFO] known change pattern=incremental_gradual, local exact abrupt points=[], local reference points=[]
[INFO] Fixed S1-reference maj/min: 5 3 {0: 89, 1: 43, 2: 22, 3: 9, 4: 75, 5: 262}
[INFO] T1=1500, t=1000, B=500, num_classes=6
[INFO] step 200/1500
[INFO] step 400/1500
[INFO] S1->S2 boundary reached, created classifier_2
[INFO] step 600/1500
[INFO] step 800/1500
[INFO] step 1000/1500
[INFO] step 1200/1500
[INFO] step 1400/1500
[INFO] Predicted class distribution: Counter({5: 906, 0: 296, 4: 225, 1: 53, 2: 19, 3: 1})
[OK] Adaptive run done.
[INFO] Sanity baselines disabled for this orchestrated run.
[OK] Done.
