[INFO] Using T1=800 (B=400 from S1, t=400 from S2)
[INFO] dims: S1=24, S2=25
[INFO] eval_window=150, detector=adwin, seed=17
[INFO] protocol=old3s_feature_evolution
[INFO] contiguous original stream interval: [361235, 362035), transition=361635
[INFO] INSECTS uses OLD3S-style feature evolution: S1=obsolete+shared, S2=shared+new.
[INFO] shared_frac=0.5, feature_seed=1314, scenario=balanced
[INFO] feature counts: old_only=8, shared=16, new_only=9
[INFO] known change pattern=incremental_throughout, local exact abrupt points=[], local reference points=[]
[INFO] Fixed S1-reference maj/min: 5 2 {0: 61, 1: 33, 2: 22, 3: 30, 4: 102, 5: 152}
[INFO] T1=800, t=400, B=400, num_classes=6
[INFO] step 200/800
[INFO] step 400/800
[INFO] S1->S2 boundary reached, created classifier_2
[INFO] step 600/800
[INFO] step 800/800
[INFO] Predicted class distribution: Counter({5: 352, 4: 210, 0: 153, 3: 46, 1: 23, 2: 16})
[OK] Adaptive run done.
[INFO] Sanity baselines disabled for this orchestrated run.
[OK] Done.
