/Users/nihadzitouni/miniforge3/lib/python3.13/site-packages/sklearn/preprocessing/_data.py:273: UserWarning: Numerical issues were encountered when centering the data and might not be solved. Dataset may contain too large values. You may need to prescale your features.
  warnings.warn(
/Users/nihadzitouni/miniforge3/lib/python3.13/site-packages/sklearn/preprocessing/_data.py:292: UserWarning: Numerical issues were encountered when scaling the data and might not be solved. The standard deviation of the data is probably very close to 0. 
  warnings.warn(
/Users/nihadzitouni/miniforge3/lib/python3.13/site-packages/sklearn/metrics/_classification.py:991: RuntimeWarning: invalid value encountered in scalar divide
  k = xp.sum(w_mat * confusion) / xp.sum(w_mat * expected)
/Users/nihadzitouni/miniforge3/lib/python3.13/site-packages/sklearn/metrics/_classification.py:991: RuntimeWarning: invalid value encountered in scalar divide
  k = xp.sum(w_mat * confusion) / xp.sum(w_mat * expected)
/Users/nihadzitouni/miniforge3/lib/python3.13/site-packages/sklearn/metrics/_classification.py:991: RuntimeWarning: invalid value encountered in scalar divide
  k = xp.sum(w_mat * confusion) / xp.sum(w_mat * expected)
/Users/nihadzitouni/miniforge3/lib/python3.13/site-packages/sklearn/metrics/_classification.py:991: RuntimeWarning: invalid value encountered in scalar divide
  k = xp.sum(w_mat * confusion) / xp.sum(w_mat * expected)
/Users/nihadzitouni/miniforge3/lib/python3.13/site-packages/sklearn/metrics/_classification.py:991: RuntimeWarning: invalid value encountered in scalar divide
  k = xp.sum(w_mat * confusion) / xp.sum(w_mat * expected)
/Users/nihadzitouni/miniforge3/lib/python3.13/site-packages/sklearn/metrics/_classification.py:991: RuntimeWarning: invalid value encountered in scalar divide
  k = xp.sum(w_mat * confusion) / xp.sum(w_mat * expected)
/Users/nihadzitouni/miniforge3/lib/python3.13/site-packages/sklearn/metrics/_classification.py:991: RuntimeWarning: invalid value encountered in scalar divide
  k = xp.sum(w_mat * confusion) / xp.sum(w_mat * expected)
/Users/nihadzitouni/miniforge3/lib/python3.13/site-packages/sklearn/metrics/_classification.py:991: RuntimeWarning: invalid value encountered in scalar divide
  k = xp.sum(w_mat * confusion) / xp.sum(w_mat * expected)
/Users/nihadzitouni/miniforge3/lib/python3.13/site-packages/sklearn/metrics/_classification.py:991: RuntimeWarning: invalid value encountered in scalar divide
  k = xp.sum(w_mat * confusion) / xp.sum(w_mat * expected)
/Users/nihadzitouni/miniforge3/lib/python3.13/site-packages/sklearn/metrics/_classification.py:991: RuntimeWarning: invalid value encountered in scalar divide
  k = xp.sum(w_mat * confusion) / xp.sum(w_mat * expected)
/Users/nihadzitouni/miniforge3/lib/python3.13/site-packages/sklearn/metrics/_classification.py:991: RuntimeWarning: invalid value encountered in scalar divide
  k = xp.sum(w_mat * confusion) / xp.sum(w_mat * expected)
/Users/nihadzitouni/miniforge3/lib/python3.13/site-packages/sklearn/metrics/_classification.py:991: RuntimeWarning: invalid value encountered in scalar divide
  k = xp.sum(w_mat * confusion) / xp.sum(w_mat * expected)
/Users/nihadzitouni/miniforge3/lib/python3.13/site-packages/sklearn/metrics/_classification.py:991: RuntimeWarning: invalid value encountered in scalar divide
  k = xp.sum(w_mat * confusion) / xp.sum(w_mat * expected)
/Users/nihadzitouni/miniforge3/lib/python3.13/site-packages/sklearn/metrics/_classification.py:991: RuntimeWarning: invalid value encountered in scalar divide
  k = xp.sum(w_mat * confusion) / xp.sum(w_mat * expected)
/Users/nihadzitouni/miniforge3/lib/python3.13/site-packages/sklearn/metrics/_classification.py:991: RuntimeWarning: invalid value encountered in scalar divide
  k = xp.sum(w_mat * confusion) / xp.sum(w_mat * expected)
/Users/nihadzitouni/miniforge3/lib/python3.13/site-packages/sklearn/metrics/_classification.py:991: RuntimeWarning: invalid value encountered in scalar divide
  k = xp.sum(w_mat * confusion) / xp.sum(w_mat * expected)
/Users/nihadzitouni/miniforge3/lib/python3.13/site-packages/sklearn/metrics/_classification.py:991: RuntimeWarning: invalid value encountered in scalar divide
  k = xp.sum(w_mat * confusion) / xp.sum(w_mat * expected)
/Users/nihadzitouni/miniforge3/lib/python3.13/site-packages/sklearn/metrics/_classification.py:991: RuntimeWarning: invalid value encountered in scalar divide
  k = xp.sum(w_mat * confusion) / xp.sum(w_mat * expected)
/Users/nihadzitouni/miniforge3/lib/python3.13/site-packages/sklearn/metrics/_classification.py:991: RuntimeWarning: invalid value encountered in scalar divide
  k = xp.sum(w_mat * confusion) / xp.sum(w_mat * expected)
/Users/nihadzitouni/miniforge3/lib/python3.13/site-packages/sklearn/metrics/_classification.py:991: RuntimeWarning: invalid value encountered in scalar divide
  k = xp.sum(w_mat * confusion) / xp.sum(w_mat * expected)
/Users/nihadzitouni/miniforge3/lib/python3.13/site-packages/sklearn/metrics/_classification.py:991: RuntimeWarning: invalid value encountered in scalar divide
  k = xp.sum(w_mat * confusion) / xp.sum(w_mat * expected)
/Users/nihadzitouni/miniforge3/lib/python3.13/site-packages/sklearn/metrics/_classification.py:991: RuntimeWarning: invalid value encountered in scalar divide
  k = xp.sum(w_mat * confusion) / xp.sum(w_mat * expected)
/Users/nihadzitouni/miniforge3/lib/python3.13/site-packages/sklearn/metrics/_classification.py:991: RuntimeWarning: invalid value encountered in scalar divide
  k = xp.sum(w_mat * confusion) / xp.sum(w_mat * expected)
/Users/nihadzitouni/miniforge3/lib/python3.13/site-packages/sklearn/metrics/_classification.py:991: RuntimeWarning: invalid value encountered in scalar divide
  k = xp.sum(w_mat * confusion) / xp.sum(w_mat * expected)
/Users/nihadzitouni/miniforge3/lib/python3.13/site-packages/sklearn/metrics/_classification.py:991: RuntimeWarning: invalid value encountered in scalar divide
  k = xp.sum(w_mat * confusion) / xp.sum(w_mat * expected)
/Users/nihadzitouni/miniforge3/lib/python3.13/site-packages/sklearn/metrics/_classification.py:991: RuntimeWarning: invalid value encountered in scalar divide
  k = xp.sum(w_mat * confusion) / xp.sum(w_mat * expected)
/Users/nihadzitouni/miniforge3/lib/python3.13/site-packages/sklearn/metrics/_classification.py:991: RuntimeWarning: invalid value encountered in scalar divide
  k = xp.sum(w_mat * confusion) / xp.sum(w_mat * expected)
/Users/nihadzitouni/miniforge3/lib/python3.13/site-packages/sklearn/metrics/_classification.py:991: RuntimeWarning: invalid value encountered in scalar divide
  k = xp.sum(w_mat * confusion) / xp.sum(w_mat * expected)
/Users/nihadzitouni/miniforge3/lib/python3.13/site-packages/sklearn/metrics/_classification.py:991: RuntimeWarning: invalid value encountered in scalar divide
  k = xp.sum(w_mat * confusion) / xp.sum(w_mat * expected)
/Users/nihadzitouni/miniforge3/lib/python3.13/site-packages/sklearn/metrics/_classification.py:991: RuntimeWarning: invalid value encountered in scalar divide
  k = xp.sum(w_mat * confusion) / xp.sum(w_mat * expected)
/Users/nihadzitouni/miniforge3/lib/python3.13/site-packages/sklearn/metrics/_classification.py:991: RuntimeWarning: invalid value encountered in scalar divide
  k = xp.sum(w_mat * confusion) / xp.sum(w_mat * expected)
/Users/nihadzitouni/miniforge3/lib/python3.13/site-packages/sklearn/metrics/_classification.py:991: RuntimeWarning: invalid value encountered in scalar divide
  k = xp.sum(w_mat * confusion) / xp.sum(w_mat * expected)
/Users/nihadzitouni/miniforge3/lib/python3.13/site-packages/sklearn/metrics/_classification.py:991: RuntimeWarning: invalid value encountered in scalar divide
  k = xp.sum(w_mat * confusion) / xp.sum(w_mat * expected)
/Users/nihadzitouni/miniforge3/lib/python3.13/site-packages/sklearn/metrics/_classification.py:991: RuntimeWarning: invalid value encountered in scalar divide
  k = xp.sum(w_mat * confusion) / xp.sum(w_mat * expected)
/Users/nihadzitouni/miniforge3/lib/python3.13/site-packages/sklearn/metrics/_classification.py:991: RuntimeWarning: invalid value encountered in scalar divide
  k = xp.sum(w_mat * confusion) / xp.sum(w_mat * expected)
/Users/nihadzitouni/miniforge3/lib/python3.13/site-packages/sklearn/metrics/_classification.py:991: RuntimeWarning: invalid value encountered in scalar divide
  k = xp.sum(w_mat * confusion) / xp.sum(w_mat * expected)
/Users/nihadzitouni/miniforge3/lib/python3.13/site-packages/sklearn/metrics/_classification.py:991: RuntimeWarning: invalid value encountered in scalar divide
  k = xp.sum(w_mat * confusion) / xp.sum(w_mat * expected)
/Users/nihadzitouni/miniforge3/lib/python3.13/site-packages/sklearn/metrics/_classification.py:991: RuntimeWarning: invalid value encountered in scalar divide
  k = xp.sum(w_mat * confusion) / xp.sum(w_mat * expected)
/Users/nihadzitouni/miniforge3/lib/python3.13/site-packages/sklearn/metrics/_classification.py:991: RuntimeWarning: invalid value encountered in scalar divide
  k = xp.sum(w_mat * confusion) / xp.sum(w_mat * expected)
/Users/nihadzitouni/miniforge3/lib/python3.13/site-packages/sklearn/metrics/_classification.py:991: RuntimeWarning: invalid value encountered in scalar divide
  k = xp.sum(w_mat * confusion) / xp.sum(w_mat * expected)
/Users/nihadzitouni/miniforge3/lib/python3.13/site-packages/sklearn/metrics/_classification.py:991: RuntimeWarning: invalid value encountered in scalar divide
  k = xp.sum(w_mat * confusion) / xp.sum(w_mat * expected)
/Users/nihadzitouni/miniforge3/lib/python3.13/site-packages/sklearn/metrics/_classification.py:991: RuntimeWarning: invalid value encountered in scalar divide
  k = xp.sum(w_mat * confusion) / xp.sum(w_mat * expected)
/Users/nihadzitouni/miniforge3/lib/python3.13/site-packages/sklearn/metrics/_classification.py:991: RuntimeWarning: invalid value encountered in scalar divide
  k = xp.sum(w_mat * confusion) / xp.sum(w_mat * expected)
/Users/nihadzitouni/miniforge3/lib/python3.13/site-packages/sklearn/metrics/_classification.py:991: RuntimeWarning: invalid value encountered in scalar divide
  k = xp.sum(w_mat * confusion) / xp.sum(w_mat * expected)
/Users/nihadzitouni/miniforge3/lib/python3.13/site-packages/sklearn/metrics/_classification.py:991: RuntimeWarning: invalid value encountered in scalar divide
  k = xp.sum(w_mat * confusion) / xp.sum(w_mat * expected)
/Users/nihadzitouni/miniforge3/lib/python3.13/site-packages/sklearn/metrics/_classification.py:991: RuntimeWarning: invalid value encountered in scalar divide
  k = xp.sum(w_mat * confusion) / xp.sum(w_mat * expected)
/Users/nihadzitouni/miniforge3/lib/python3.13/site-packages/sklearn/metrics/_classification.py:991: RuntimeWarning: invalid value encountered in scalar divide
  k = xp.sum(w_mat * confusion) / xp.sum(w_mat * expected)
/Users/nihadzitouni/miniforge3/lib/python3.13/site-packages/sklearn/metrics/_classification.py:991: RuntimeWarning: invalid value encountered in scalar divide
  k = xp.sum(w_mat * confusion) / xp.sum(w_mat * expected)
/Users/nihadzitouni/miniforge3/lib/python3.13/site-packages/sklearn/metrics/_classification.py:991: RuntimeWarning: invalid value encountered in scalar divide
  k = xp.sum(w_mat * confusion) / xp.sum(w_mat * expected)
/Users/nihadzitouni/miniforge3/lib/python3.13/site-packages/sklearn/metrics/_classification.py:991: RuntimeWarning: invalid value encountered in scalar divide
  k = xp.sum(w_mat * confusion) / xp.sum(w_mat * expected)
/Users/nihadzitouni/miniforge3/lib/python3.13/site-packages/sklearn/metrics/_classification.py:991: RuntimeWarning: invalid value encountered in scalar divide
  k = xp.sum(w_mat * confusion) / xp.sum(w_mat * expected)
/Users/nihadzitouni/miniforge3/lib/python3.13/site-packages/sklearn/metrics/_classification.py:991: RuntimeWarning: invalid value encountered in scalar divide
  k = xp.sum(w_mat * confusion) / xp.sum(w_mat * expected)
/Users/nihadzitouni/miniforge3/lib/python3.13/site-packages/sklearn/metrics/_classification.py:991: RuntimeWarning: invalid value encountered in scalar divide
  k = xp.sum(w_mat * confusion) / xp.sum(w_mat * expected)
/Users/nihadzitouni/miniforge3/lib/python3.13/site-packages/sklearn/metrics/_classification.py:991: RuntimeWarning: invalid value encountered in scalar divide
  k = xp.sum(w_mat * confusion) / xp.sum(w_mat * expected)
/Users/nihadzitouni/miniforge3/lib/python3.13/site-packages/sklearn/metrics/_classification.py:991: RuntimeWarning: invalid value encountered in scalar divide
  k = xp.sum(w_mat * confusion) / xp.sum(w_mat * expected)
/Users/nihadzitouni/miniforge3/lib/python3.13/site-packages/sklearn/metrics/_classification.py:991: RuntimeWarning: invalid value encountered in scalar divide
  k = xp.sum(w_mat * confusion) / xp.sum(w_mat * expected)
/Users/nihadzitouni/miniforge3/lib/python3.13/site-packages/sklearn/metrics/_classification.py:991: RuntimeWarning: invalid value encountered in scalar divide
  k = xp.sum(w_mat * confusion) / xp.sum(w_mat * expected)
/Users/nihadzitouni/miniforge3/lib/python3.13/site-packages/sklearn/metrics/_classification.py:991: RuntimeWarning: invalid value encountered in scalar divide
  k = xp.sum(w_mat * confusion) / xp.sum(w_mat * expected)
/Users/nihadzitouni/miniforge3/lib/python3.13/site-packages/sklearn/metrics/_classification.py:991: RuntimeWarning: invalid value encountered in scalar divide
  k = xp.sum(w_mat * confusion) / xp.sum(w_mat * expected)
/Users/nihadzitouni/miniforge3/lib/python3.13/site-packages/sklearn/metrics/_classification.py:991: RuntimeWarning: invalid value encountered in scalar divide
  k = xp.sum(w_mat * confusion) / xp.sum(w_mat * expected)
/Users/nihadzitouni/miniforge3/lib/python3.13/site-packages/sklearn/metrics/_classification.py:991: RuntimeWarning: invalid value encountered in scalar divide
  k = xp.sum(w_mat * confusion) / xp.sum(w_mat * expected)
/Users/nihadzitouni/miniforge3/lib/python3.13/site-packages/sklearn/metrics/_classification.py:991: RuntimeWarning: invalid value encountered in scalar divide
  k = xp.sum(w_mat * confusion) / xp.sum(w_mat * expected)
/Users/nihadzitouni/miniforge3/lib/python3.13/site-packages/sklearn/metrics/_classification.py:991: RuntimeWarning: invalid value encountered in scalar divide
  k = xp.sum(w_mat * confusion) / xp.sum(w_mat * expected)
/Users/nihadzitouni/miniforge3/lib/python3.13/site-packages/sklearn/metrics/_classification.py:991: RuntimeWarning: invalid value encountered in scalar divide
  k = xp.sum(w_mat * confusion) / xp.sum(w_mat * expected)
/Users/nihadzitouni/miniforge3/lib/python3.13/site-packages/sklearn/metrics/_classification.py:991: RuntimeWarning: invalid value encountered in scalar divide
  k = xp.sum(w_mat * confusion) / xp.sum(w_mat * expected)
/Users/nihadzitouni/miniforge3/lib/python3.13/site-packages/sklearn/metrics/_classification.py:991: RuntimeWarning: invalid value encountered in scalar divide
  k = xp.sum(w_mat * confusion) / xp.sum(w_mat * expected)
/Users/nihadzitouni/miniforge3/lib/python3.13/site-packages/sklearn/metrics/_classification.py:991: RuntimeWarning: invalid value encountered in scalar divide
  k = xp.sum(w_mat * confusion) / xp.sum(w_mat * expected)
/Users/nihadzitouni/miniforge3/lib/python3.13/site-packages/sklearn/metrics/_classification.py:991: RuntimeWarning: invalid value encountered in scalar divide
  k = xp.sum(w_mat * confusion) / xp.sum(w_mat * expected)
/Users/nihadzitouni/miniforge3/lib/python3.13/site-packages/sklearn/metrics/_classification.py:991: RuntimeWarning: invalid value encountered in scalar divide
  k = xp.sum(w_mat * confusion) / xp.sum(w_mat * expected)
/Users/nihadzitouni/miniforge3/lib/python3.13/site-packages/sklearn/metrics/_classification.py:991: RuntimeWarning: invalid value encountered in scalar divide
  k = xp.sum(w_mat * confusion) / xp.sum(w_mat * expected)
/Users/nihadzitouni/miniforge3/lib/python3.13/site-packages/sklearn/metrics/_classification.py:991: RuntimeWarning: invalid value encountered in scalar divide
  k = xp.sum(w_mat * confusion) / xp.sum(w_mat * expected)
/Users/nihadzitouni/miniforge3/lib/python3.13/site-packages/sklearn/metrics/_classification.py:991: RuntimeWarning: invalid value encountered in scalar divide
  k = xp.sum(w_mat * confusion) / xp.sum(w_mat * expected)
/Users/nihadzitouni/miniforge3/lib/python3.13/site-packages/sklearn/metrics/_classification.py:991: RuntimeWarning: invalid value encountered in scalar divide
  k = xp.sum(w_mat * confusion) / xp.sum(w_mat * expected)
/Users/nihadzitouni/miniforge3/lib/python3.13/site-packages/sklearn/metrics/_classification.py:991: RuntimeWarning: invalid value encountered in scalar divide
  k = xp.sum(w_mat * confusion) / xp.sum(w_mat * expected)
/Users/nihadzitouni/miniforge3/lib/python3.13/site-packages/sklearn/metrics/_classification.py:991: RuntimeWarning: invalid value encountered in scalar divide
  k = xp.sum(w_mat * confusion) / xp.sum(w_mat * expected)
/Users/nihadzitouni/miniforge3/lib/python3.13/site-packages/sklearn/metrics/_classification.py:991: RuntimeWarning: invalid value encountered in scalar divide
  k = xp.sum(w_mat * confusion) / xp.sum(w_mat * expected)
/Users/nihadzitouni/miniforge3/lib/python3.13/site-packages/sklearn/metrics/_classification.py:991: RuntimeWarning: invalid value encountered in scalar divide
  k = xp.sum(w_mat * confusion) / xp.sum(w_mat * expected)
/Users/nihadzitouni/miniforge3/lib/python3.13/site-packages/sklearn/metrics/_classification.py:991: RuntimeWarning: invalid value encountered in scalar divide
  k = xp.sum(w_mat * confusion) / xp.sum(w_mat * expected)
/Users/nihadzitouni/miniforge3/lib/python3.13/site-packages/sklearn/metrics/_classification.py:991: RuntimeWarning: invalid value encountered in scalar divide
  k = xp.sum(w_mat * confusion) / xp.sum(w_mat * expected)
/Users/nihadzitouni/miniforge3/lib/python3.13/site-packages/sklearn/metrics/_classification.py:991: RuntimeWarning: invalid value encountered in scalar divide
  k = xp.sum(w_mat * confusion) / xp.sum(w_mat * expected)
/Users/nihadzitouni/miniforge3/lib/python3.13/site-packages/sklearn/metrics/_classification.py:991: RuntimeWarning: invalid value encountered in scalar divide
  k = xp.sum(w_mat * confusion) / xp.sum(w_mat * expected)
/Users/nihadzitouni/miniforge3/lib/python3.13/site-packages/sklearn/metrics/_classification.py:991: RuntimeWarning: invalid value encountered in scalar divide
  k = xp.sum(w_mat * confusion) / xp.sum(w_mat * expected)
/Users/nihadzitouni/miniforge3/lib/python3.13/site-packages/sklearn/metrics/_classification.py:991: RuntimeWarning: invalid value encountered in scalar divide
  k = xp.sum(w_mat * confusion) / xp.sum(w_mat * expected)
/Users/nihadzitouni/miniforge3/lib/python3.13/site-packages/sklearn/metrics/_classification.py:991: RuntimeWarning: invalid value encountered in scalar divide
  k = xp.sum(w_mat * confusion) / xp.sum(w_mat * expected)
/Users/nihadzitouni/miniforge3/lib/python3.13/site-packages/sklearn/metrics/_classification.py:991: RuntimeWarning: invalid value encountered in scalar divide
  k = xp.sum(w_mat * confusion) / xp.sum(w_mat * expected)
/Users/nihadzitouni/miniforge3/lib/python3.13/site-packages/sklearn/metrics/_classification.py:991: RuntimeWarning: invalid value encountered in scalar divide
  k = xp.sum(w_mat * confusion) / xp.sum(w_mat * expected)
/Users/nihadzitouni/miniforge3/lib/python3.13/site-packages/sklearn/metrics/_classification.py:991: RuntimeWarning: invalid value encountered in scalar divide
  k = xp.sum(w_mat * confusion) / xp.sum(w_mat * expected)
/Users/nihadzitouni/miniforge3/lib/python3.13/site-packages/sklearn/metrics/_classification.py:991: RuntimeWarning: invalid value encountered in scalar divide
  k = xp.sum(w_mat * confusion) / xp.sum(w_mat * expected)
/Users/nihadzitouni/miniforge3/lib/python3.13/site-packages/sklearn/metrics/_classification.py:991: RuntimeWarning: invalid value encountered in scalar divide
  k = xp.sum(w_mat * confusion) / xp.sum(w_mat * expected)
/Users/nihadzitouni/miniforge3/lib/python3.13/site-packages/sklearn/metrics/_classification.py:991: RuntimeWarning: invalid value encountered in scalar divide
  k = xp.sum(w_mat * confusion) / xp.sum(w_mat * expected)
/Users/nihadzitouni/miniforge3/lib/python3.13/site-packages/sklearn/metrics/_classification.py:991: RuntimeWarning: invalid value encountered in scalar divide
  k = xp.sum(w_mat * confusion) / xp.sum(w_mat * expected)
/Users/nihadzitouni/miniforge3/lib/python3.13/site-packages/sklearn/metrics/_classification.py:991: RuntimeWarning: invalid value encountered in scalar divide
  k = xp.sum(w_mat * confusion) / xp.sum(w_mat * expected)
/Users/nihadzitouni/miniforge3/lib/python3.13/site-packages/sklearn/metrics/_classification.py:991: RuntimeWarning: invalid value encountered in scalar divide
  k = xp.sum(w_mat * confusion) / xp.sum(w_mat * expected)
/Users/nihadzitouni/miniforge3/lib/python3.13/site-packages/sklearn/metrics/_classification.py:991: RuntimeWarning: invalid value encountered in scalar divide
  k = xp.sum(w_mat * confusion) / xp.sum(w_mat * expected)
/Users/nihadzitouni/miniforge3/lib/python3.13/site-packages/sklearn/metrics/_classification.py:991: RuntimeWarning: invalid value encountered in scalar divide
  k = xp.sum(w_mat * confusion) / xp.sum(w_mat * expected)
/Users/nihadzitouni/miniforge3/lib/python3.13/site-packages/sklearn/metrics/_classification.py:991: RuntimeWarning: invalid value encountered in scalar divide
  k = xp.sum(w_mat * confusion) / xp.sum(w_mat * expected)
/Users/nihadzitouni/miniforge3/lib/python3.13/site-packages/sklearn/metrics/_classification.py:991: RuntimeWarning: invalid value encountered in scalar divide
  k = xp.sum(w_mat * confusion) / xp.sum(w_mat * expected)
/Users/nihadzitouni/miniforge3/lib/python3.13/site-packages/sklearn/metrics/_classification.py:991: RuntimeWarning: invalid value encountered in scalar divide
  k = xp.sum(w_mat * confusion) / xp.sum(w_mat * expected)
/Users/nihadzitouni/miniforge3/lib/python3.13/site-packages/sklearn/metrics/_classification.py:991: RuntimeWarning: invalid value encountered in scalar divide
  k = xp.sum(w_mat * confusion) / xp.sum(w_mat * expected)
/Users/nihadzitouni/miniforge3/lib/python3.13/site-packages/sklearn/metrics/_classification.py:991: RuntimeWarning: invalid value encountered in scalar divide
  k = xp.sum(w_mat * confusion) / xp.sum(w_mat * expected)
/Users/nihadzitouni/miniforge3/lib/python3.13/site-packages/sklearn/metrics/_classification.py:991: RuntimeWarning: invalid value encountered in scalar divide
  k = xp.sum(w_mat * confusion) / xp.sum(w_mat * expected)
/Users/nihadzitouni/miniforge3/lib/python3.13/site-packages/sklearn/metrics/_classification.py:991: RuntimeWarning: invalid value encountered in scalar divide
  k = xp.sum(w_mat * confusion) / xp.sum(w_mat * expected)
/Users/nihadzitouni/miniforge3/lib/python3.13/site-packages/sklearn/metrics/_classification.py:991: RuntimeWarning: invalid value encountered in scalar divide
  k = xp.sum(w_mat * confusion) / xp.sum(w_mat * expected)
/Users/nihadzitouni/miniforge3/lib/python3.13/site-packages/sklearn/metrics/_classification.py:991: RuntimeWarning: invalid value encountered in scalar divide
  k = xp.sum(w_mat * confusion) / xp.sum(w_mat * expected)
/Users/nihadzitouni/miniforge3/lib/python3.13/site-packages/sklearn/metrics/_classification.py:991: RuntimeWarning: invalid value encountered in scalar divide
  k = xp.sum(w_mat * confusion) / xp.sum(w_mat * expected)
/Users/nihadzitouni/miniforge3/lib/python3.13/site-packages/sklearn/metrics/_classification.py:991: RuntimeWarning: invalid value encountered in scalar divide
  k = xp.sum(w_mat * confusion) / xp.sum(w_mat * expected)
/Users/nihadzitouni/miniforge3/lib/python3.13/site-packages/sklearn/metrics/_classification.py:991: RuntimeWarning: invalid value encountered in scalar divide
  k = xp.sum(w_mat * confusion) / xp.sum(w_mat * expected)
/Users/nihadzitouni/miniforge3/lib/python3.13/site-packages/sklearn/metrics/_classification.py:991: RuntimeWarning: invalid value encountered in scalar divide
  k = xp.sum(w_mat * confusion) / xp.sum(w_mat * expected)
/Users/nihadzitouni/miniforge3/lib/python3.13/site-packages/sklearn/metrics/_classification.py:991: RuntimeWarning: invalid value encountered in scalar divide
  k = xp.sum(w_mat * confusion) / xp.sum(w_mat * expected)
/Users/nihadzitouni/miniforge3/lib/python3.13/site-packages/sklearn/metrics/_classification.py:991: RuntimeWarning: invalid value encountered in scalar divide
  k = xp.sum(w_mat * confusion) / xp.sum(w_mat * expected)
/Users/nihadzitouni/miniforge3/lib/python3.13/site-packages/sklearn/metrics/_classification.py:991: RuntimeWarning: invalid value encountered in scalar divide
  k = xp.sum(w_mat * confusion) / xp.sum(w_mat * expected)
/Users/nihadzitouni/miniforge3/lib/python3.13/site-packages/sklearn/metrics/_classification.py:991: RuntimeWarning: invalid value encountered in scalar divide
  k = xp.sum(w_mat * confusion) / xp.sum(w_mat * expected)
/Users/nihadzitouni/miniforge3/lib/python3.13/site-packages/sklearn/metrics/_classification.py:991: RuntimeWarning: invalid value encountered in scalar divide
  k = xp.sum(w_mat * confusion) / xp.sum(w_mat * expected)
/Users/nihadzitouni/miniforge3/lib/python3.13/site-packages/sklearn/metrics/_classification.py:991: RuntimeWarning: invalid value encountered in scalar divide
  k = xp.sum(w_mat * confusion) / xp.sum(w_mat * expected)
/Users/nihadzitouni/miniforge3/lib/python3.13/site-packages/sklearn/metrics/_classification.py:991: RuntimeWarning: invalid value encountered in scalar divide
  k = xp.sum(w_mat * confusion) / xp.sum(w_mat * expected)
/Users/nihadzitouni/miniforge3/lib/python3.13/site-packages/sklearn/metrics/_classification.py:991: RuntimeWarning: invalid value encountered in scalar divide
  k = xp.sum(w_mat * confusion) / xp.sum(w_mat * expected)
/Users/nihadzitouni/miniforge3/lib/python3.13/site-packages/sklearn/metrics/_classification.py:991: RuntimeWarning: invalid value encountered in scalar divide
  k = xp.sum(w_mat * confusion) / xp.sum(w_mat * expected)
/Users/nihadzitouni/miniforge3/lib/python3.13/site-packages/sklearn/metrics/_classification.py:991: RuntimeWarning: invalid value encountered in scalar divide
  k = xp.sum(w_mat * confusion) / xp.sum(w_mat * expected)
/Users/nihadzitouni/miniforge3/lib/python3.13/site-packages/sklearn/metrics/_classification.py:991: RuntimeWarning: invalid value encountered in scalar divide
  k = xp.sum(w_mat * confusion) / xp.sum(w_mat * expected)
/Users/nihadzitouni/miniforge3/lib/python3.13/site-packages/sklearn/metrics/_classification.py:991: RuntimeWarning: invalid value encountered in scalar divide
  k = xp.sum(w_mat * confusion) / xp.sum(w_mat * expected)
/Users/nihadzitouni/miniforge3/lib/python3.13/site-packages/sklearn/metrics/_classification.py:991: RuntimeWarning: invalid value encountered in scalar divide
  k = xp.sum(w_mat * confusion) / xp.sum(w_mat * expected)
/Users/nihadzitouni/miniforge3/lib/python3.13/site-packages/sklearn/metrics/_classification.py:991: RuntimeWarning: invalid value encountered in scalar divide
  k = xp.sum(w_mat * confusion) / xp.sum(w_mat * expected)
/Users/nihadzitouni/miniforge3/lib/python3.13/site-packages/sklearn/metrics/_classification.py:991: RuntimeWarning: invalid value encountered in scalar divide
  k = xp.sum(w_mat * confusion) / xp.sum(w_mat * expected)
/Users/nihadzitouni/miniforge3/lib/python3.13/site-packages/sklearn/metrics/_classification.py:991: RuntimeWarning: invalid value encountered in scalar divide
  k = xp.sum(w_mat * confusion) / xp.sum(w_mat * expected)
/Users/nihadzitouni/miniforge3/lib/python3.13/site-packages/sklearn/metrics/_classification.py:991: RuntimeWarning: invalid value encountered in scalar divide
  k = xp.sum(w_mat * confusion) / xp.sum(w_mat * expected)
/Users/nihadzitouni/miniforge3/lib/python3.13/site-packages/sklearn/metrics/_classification.py:991: RuntimeWarning: invalid value encountered in scalar divide
  k = xp.sum(w_mat * confusion) / xp.sum(w_mat * expected)
/Users/nihadzitouni/miniforge3/lib/python3.13/site-packages/sklearn/metrics/_classification.py:991: RuntimeWarning: invalid value encountered in scalar divide
  k = xp.sum(w_mat * confusion) / xp.sum(w_mat * expected)
/Users/nihadzitouni/miniforge3/lib/python3.13/site-packages/sklearn/metrics/_classification.py:991: RuntimeWarning: invalid value encountered in scalar divide
  k = xp.sum(w_mat * confusion) / xp.sum(w_mat * expected)
/Users/nihadzitouni/miniforge3/lib/python3.13/site-packages/sklearn/metrics/_classification.py:991: RuntimeWarning: invalid value encountered in scalar divide
  k = xp.sum(w_mat * confusion) / xp.sum(w_mat * expected)
/Users/nihadzitouni/miniforge3/lib/python3.13/site-packages/sklearn/metrics/_classification.py:991: RuntimeWarning: invalid value encountered in scalar divide
  k = xp.sum(w_mat * confusion) / xp.sum(w_mat * expected)
/Users/nihadzitouni/miniforge3/lib/python3.13/site-packages/sklearn/metrics/_classification.py:991: RuntimeWarning: invalid value encountered in scalar divide
  k = xp.sum(w_mat * confusion) / xp.sum(w_mat * expected)
/Users/nihadzitouni/miniforge3/lib/python3.13/site-packages/sklearn/metrics/_classification.py:991: RuntimeWarning: invalid value encountered in scalar divide
  k = xp.sum(w_mat * confusion) / xp.sum(w_mat * expected)
/Users/nihadzitouni/miniforge3/lib/python3.13/site-packages/sklearn/metrics/_classification.py:991: RuntimeWarning: invalid value encountered in scalar divide
  k = xp.sum(w_mat * confusion) / xp.sum(w_mat * expected)
/Users/nihadzitouni/miniforge3/lib/python3.13/site-packages/sklearn/metrics/_classification.py:991: RuntimeWarning: invalid value encountered in scalar divide
  k = xp.sum(w_mat * confusion) / xp.sum(w_mat * expected)
/Users/nihadzitouni/miniforge3/lib/python3.13/site-packages/sklearn/metrics/_classification.py:991: RuntimeWarning: invalid value encountered in scalar divide
  k = xp.sum(w_mat * confusion) / xp.sum(w_mat * expected)
/Users/nihadzitouni/miniforge3/lib/python3.13/site-packages/sklearn/metrics/_classification.py:991: RuntimeWarning: invalid value encountered in scalar divide
  k = xp.sum(w_mat * confusion) / xp.sum(w_mat * expected)
/Users/nihadzitouni/miniforge3/lib/python3.13/site-packages/sklearn/metrics/_classification.py:991: RuntimeWarning: invalid value encountered in scalar divide
  k = xp.sum(w_mat * confusion) / xp.sum(w_mat * expected)
/Users/nihadzitouni/miniforge3/lib/python3.13/site-packages/sklearn/metrics/_classification.py:991: RuntimeWarning: invalid value encountered in scalar divide
  k = xp.sum(w_mat * confusion) / xp.sum(w_mat * expected)
/Users/nihadzitouni/miniforge3/lib/python3.13/site-packages/sklearn/metrics/_classification.py:991: RuntimeWarning: invalid value encountered in scalar divide
  k = xp.sum(w_mat * confusion) / xp.sum(w_mat * expected)
/Users/nihadzitouni/miniforge3/lib/python3.13/site-packages/sklearn/metrics/_classification.py:991: RuntimeWarning: invalid value encountered in scalar divide
  k = xp.sum(w_mat * confusion) / xp.sum(w_mat * expected)
/Users/nihadzitouni/miniforge3/lib/python3.13/site-packages/sklearn/metrics/_classification.py:991: RuntimeWarning: invalid value encountered in scalar divide
  k = xp.sum(w_mat * confusion) / xp.sum(w_mat * expected)
/Users/nihadzitouni/miniforge3/lib/python3.13/site-packages/sklearn/metrics/_classification.py:991: RuntimeWarning: invalid value encountered in scalar divide
  k = xp.sum(w_mat * confusion) / xp.sum(w_mat * expected)
/Users/nihadzitouni/miniforge3/lib/python3.13/site-packages/sklearn/metrics/_classification.py:991: RuntimeWarning: invalid value encountered in scalar divide
  k = xp.sum(w_mat * confusion) / xp.sum(w_mat * expected)
/Users/nihadzitouni/miniforge3/lib/python3.13/site-packages/sklearn/metrics/_classification.py:991: RuntimeWarning: invalid value encountered in scalar divide
  k = xp.sum(w_mat * confusion) / xp.sum(w_mat * expected)
/Users/nihadzitouni/miniforge3/lib/python3.13/site-packages/sklearn/metrics/_classification.py:991: RuntimeWarning: invalid value encountered in scalar divide
  k = xp.sum(w_mat * confusion) / xp.sum(w_mat * expected)
/Users/nihadzitouni/miniforge3/lib/python3.13/site-packages/sklearn/metrics/_classification.py:991: RuntimeWarning: invalid value encountered in scalar divide
  k = xp.sum(w_mat * confusion) / xp.sum(w_mat * expected)
/Users/nihadzitouni/miniforge3/lib/python3.13/site-packages/sklearn/metrics/_classification.py:991: RuntimeWarning: invalid value encountered in scalar divide
  k = xp.sum(w_mat * confusion) / xp.sum(w_mat * expected)
/Users/nihadzitouni/miniforge3/lib/python3.13/site-packages/sklearn/metrics/_classification.py:991: RuntimeWarning: invalid value encountered in scalar divide
  k = xp.sum(w_mat * confusion) / xp.sum(w_mat * expected)
/Users/nihadzitouni/miniforge3/lib/python3.13/site-packages/sklearn/metrics/_classification.py:991: RuntimeWarning: invalid value encountered in scalar divide
  k = xp.sum(w_mat * confusion) / xp.sum(w_mat * expected)
/Users/nihadzitouni/miniforge3/lib/python3.13/site-packages/sklearn/metrics/_classification.py:991: RuntimeWarning: invalid value encountered in scalar divide
  k = xp.sum(w_mat * confusion) / xp.sum(w_mat * expected)
/Users/nihadzitouni/miniforge3/lib/python3.13/site-packages/sklearn/metrics/_classification.py:991: RuntimeWarning: invalid value encountered in scalar divide
  k = xp.sum(w_mat * confusion) / xp.sum(w_mat * expected)
/Users/nihadzitouni/miniforge3/lib/python3.13/site-packages/sklearn/metrics/_classification.py:991: RuntimeWarning: invalid value encountered in scalar divide
  k = xp.sum(w_mat * confusion) / xp.sum(w_mat * expected)
/Users/nihadzitouni/miniforge3/lib/python3.13/site-packages/sklearn/metrics/_classification.py:991: RuntimeWarning: invalid value encountered in scalar divide
  k = xp.sum(w_mat * confusion) / xp.sum(w_mat * expected)
/Users/nihadzitouni/miniforge3/lib/python3.13/site-packages/sklearn/metrics/_classification.py:991: RuntimeWarning: invalid value encountered in scalar divide
  k = xp.sum(w_mat * confusion) / xp.sum(w_mat * expected)
/Users/nihadzitouni/miniforge3/lib/python3.13/site-packages/sklearn/metrics/_classification.py:991: RuntimeWarning: invalid value encountered in scalar divide
  k = xp.sum(w_mat * confusion) / xp.sum(w_mat * expected)
/Users/nihadzitouni/miniforge3/lib/python3.13/site-packages/sklearn/metrics/_classification.py:991: RuntimeWarning: invalid value encountered in scalar divide
  k = xp.sum(w_mat * confusion) / xp.sum(w_mat * expected)
/Users/nihadzitouni/miniforge3/lib/python3.13/site-packages/sklearn/metrics/_classification.py:991: RuntimeWarning: invalid value encountered in scalar divide
  k = xp.sum(w_mat * confusion) / xp.sum(w_mat * expected)
/Users/nihadzitouni/miniforge3/lib/python3.13/site-packages/sklearn/metrics/_classification.py:991: RuntimeWarning: invalid value encountered in scalar divide
  k = xp.sum(w_mat * confusion) / xp.sum(w_mat * expected)
/Users/nihadzitouni/miniforge3/lib/python3.13/site-packages/sklearn/metrics/_classification.py:991: RuntimeWarning: invalid value encountered in scalar divide
  k = xp.sum(w_mat * confusion) / xp.sum(w_mat * expected)
/Users/nihadzitouni/miniforge3/lib/python3.13/site-packages/sklearn/metrics/_classification.py:991: RuntimeWarning: invalid value encountered in scalar divide
  k = xp.sum(w_mat * confusion) / xp.sum(w_mat * expected)
/Users/nihadzitouni/miniforge3/lib/python3.13/site-packages/sklearn/metrics/_classification.py:991: RuntimeWarning: invalid value encountered in scalar divide
  k = xp.sum(w_mat * confusion) / xp.sum(w_mat * expected)
/Users/nihadzitouni/miniforge3/lib/python3.13/site-packages/sklearn/metrics/_classification.py:991: RuntimeWarning: invalid value encountered in scalar divide
  k = xp.sum(w_mat * confusion) / xp.sum(w_mat * expected)
/Users/nihadzitouni/miniforge3/lib/python3.13/site-packages/sklearn/metrics/_classification.py:991: RuntimeWarning: invalid value encountered in scalar divide
  k = xp.sum(w_mat * confusion) / xp.sum(w_mat * expected)
/Users/nihadzitouni/miniforge3/lib/python3.13/site-packages/sklearn/metrics/_classification.py:991: RuntimeWarning: invalid value encountered in scalar divide
  k = xp.sum(w_mat * confusion) / xp.sum(w_mat * expected)
/Users/nihadzitouni/miniforge3/lib/python3.13/site-packages/sklearn/metrics/_classification.py:991: RuntimeWarning: invalid value encountered in scalar divide
  k = xp.sum(w_mat * confusion) / xp.sum(w_mat * expected)
/Users/nihadzitouni/miniforge3/lib/python3.13/site-packages/sklearn/metrics/_classification.py:991: RuntimeWarning: invalid value encountered in scalar divide
  k = xp.sum(w_mat * confusion) / xp.sum(w_mat * expected)
/Users/nihadzitouni/miniforge3/lib/python3.13/site-packages/sklearn/metrics/_classification.py:991: RuntimeWarning: invalid value encountered in scalar divide
  k = xp.sum(w_mat * confusion) / xp.sum(w_mat * expected)
/Users/nihadzitouni/miniforge3/lib/python3.13/site-packages/sklearn/metrics/_classification.py:991: RuntimeWarning: invalid value encountered in scalar divide
  k = xp.sum(w_mat * confusion) / xp.sum(w_mat * expected)
/Users/nihadzitouni/miniforge3/lib/python3.13/site-packages/sklearn/metrics/_classification.py:991: RuntimeWarning: invalid value encountered in scalar divide
  k = xp.sum(w_mat * confusion) / xp.sum(w_mat * expected)
/Users/nihadzitouni/miniforge3/lib/python3.13/site-packages/sklearn/metrics/_classification.py:991: RuntimeWarning: invalid value encountered in scalar divide
  k = xp.sum(w_mat * confusion) / xp.sum(w_mat * expected)
/Users/nihadzitouni/miniforge3/lib/python3.13/site-packages/sklearn/metrics/_classification.py:991: RuntimeWarning: invalid value encountered in scalar divide
  k = xp.sum(w_mat * confusion) / xp.sum(w_mat * expected)
/Users/nihadzitouni/miniforge3/lib/python3.13/site-packages/sklearn/metrics/_classification.py:991: RuntimeWarning: invalid value encountered in scalar divide
  k = xp.sum(w_mat * confusion) / xp.sum(w_mat * expected)
/Users/nihadzitouni/miniforge3/lib/python3.13/site-packages/sklearn/metrics/_classification.py:991: RuntimeWarning: invalid value encountered in scalar divide
  k = xp.sum(w_mat * confusion) / xp.sum(w_mat * expected)
/Users/nihadzitouni/miniforge3/lib/python3.13/site-packages/sklearn/metrics/_classification.py:991: RuntimeWarning: invalid value encountered in scalar divide
  k = xp.sum(w_mat * confusion) / xp.sum(w_mat * expected)
/Users/nihadzitouni/miniforge3/lib/python3.13/site-packages/sklearn/metrics/_classification.py:991: RuntimeWarning: invalid value encountered in scalar divide
  k = xp.sum(w_mat * confusion) / xp.sum(w_mat * expected)
/Users/nihadzitouni/miniforge3/lib/python3.13/site-packages/sklearn/metrics/_classification.py:991: RuntimeWarning: invalid value encountered in scalar divide
  k = xp.sum(w_mat * confusion) / xp.sum(w_mat * expected)
/Users/nihadzitouni/miniforge3/lib/python3.13/site-packages/sklearn/metrics/_classification.py:991: RuntimeWarning: invalid value encountered in scalar divide
  k = xp.sum(w_mat * confusion) / xp.sum(w_mat * expected)
/Users/nihadzitouni/miniforge3/lib/python3.13/site-packages/sklearn/metrics/_classification.py:991: RuntimeWarning: invalid value encountered in scalar divide
  k = xp.sum(w_mat * confusion) / xp.sum(w_mat * expected)
/Users/nihadzitouni/miniforge3/lib/python3.13/site-packages/sklearn/metrics/_classification.py:991: RuntimeWarning: invalid value encountered in scalar divide
  k = xp.sum(w_mat * confusion) / xp.sum(w_mat * expected)
/Users/nihadzitouni/miniforge3/lib/python3.13/site-packages/sklearn/metrics/_classification.py:991: RuntimeWarning: invalid value encountered in scalar divide
  k = xp.sum(w_mat * confusion) / xp.sum(w_mat * expected)
/Users/nihadzitouni/miniforge3/lib/python3.13/site-packages/sklearn/metrics/_classification.py:991: RuntimeWarning: invalid value encountered in scalar divide
  k = xp.sum(w_mat * confusion) / xp.sum(w_mat * expected)
/Users/nihadzitouni/miniforge3/lib/python3.13/site-packages/sklearn/metrics/_classification.py:991: RuntimeWarning: invalid value encountered in scalar divide
  k = xp.sum(w_mat * confusion) / xp.sum(w_mat * expected)
/Users/nihadzitouni/miniforge3/lib/python3.13/site-packages/sklearn/metrics/_classification.py:991: RuntimeWarning: invalid value encountered in scalar divide
  k = xp.sum(w_mat * confusion) / xp.sum(w_mat * expected)
/Users/nihadzitouni/miniforge3/lib/python3.13/site-packages/sklearn/metrics/_classification.py:991: RuntimeWarning: invalid value encountered in scalar divide
  k = xp.sum(w_mat * confusion) / xp.sum(w_mat * expected)
/Users/nihadzitouni/miniforge3/lib/python3.13/site-packages/sklearn/metrics/_classification.py:991: RuntimeWarning: invalid value encountered in scalar divide
  k = xp.sum(w_mat * confusion) / xp.sum(w_mat * expected)
/Users/nihadzitouni/miniforge3/lib/python3.13/site-packages/sklearn/metrics/_classification.py:991: RuntimeWarning: invalid value encountered in scalar divide
  k = xp.sum(w_mat * confusion) / xp.sum(w_mat * expected)
/Users/nihadzitouni/miniforge3/lib/python3.13/site-packages/sklearn/metrics/_classification.py:991: RuntimeWarning: invalid value encountered in scalar divide
  k = xp.sum(w_mat * confusion) / xp.sum(w_mat * expected)
/Users/nihadzitouni/miniforge3/lib/python3.13/site-packages/sklearn/metrics/_classification.py:991: RuntimeWarning: invalid value encountered in scalar divide
  k = xp.sum(w_mat * confusion) / xp.sum(w_mat * expected)
/Users/nihadzitouni/miniforge3/lib/python3.13/site-packages/sklearn/metrics/_classification.py:991: RuntimeWarning: invalid value encountered in scalar divide
  k = xp.sum(w_mat * confusion) / xp.sum(w_mat * expected)
/Users/nihadzitouni/miniforge3/lib/python3.13/site-packages/sklearn/metrics/_classification.py:991: RuntimeWarning: invalid value encountered in scalar divide
  k = xp.sum(w_mat * confusion) / xp.sum(w_mat * expected)
/Users/nihadzitouni/miniforge3/lib/python3.13/site-packages/sklearn/metrics/_classification.py:991: RuntimeWarning: invalid value encountered in scalar divide
  k = xp.sum(w_mat * confusion) / xp.sum(w_mat * expected)
/Users/nihadzitouni/miniforge3/lib/python3.13/site-packages/sklearn/metrics/_classification.py:991: RuntimeWarning: invalid value encountered in scalar divide
  k = xp.sum(w_mat * confusion) / xp.sum(w_mat * expected)
/Users/nihadzitouni/miniforge3/lib/python3.13/site-packages/sklearn/metrics/_classification.py:991: RuntimeWarning: invalid value encountered in scalar divide
  k = xp.sum(w_mat * confusion) / xp.sum(w_mat * expected)
/Users/nihadzitouni/miniforge3/lib/python3.13/site-packages/sklearn/metrics/_classification.py:991: RuntimeWarning: invalid value encountered in scalar divide
  k = xp.sum(w_mat * confusion) / xp.sum(w_mat * expected)
/Users/nihadzitouni/miniforge3/lib/python3.13/site-packages/sklearn/metrics/_classification.py:991: RuntimeWarning: invalid value encountered in scalar divide
  k = xp.sum(w_mat * confusion) / xp.sum(w_mat * expected)
/Users/nihadzitouni/miniforge3/lib/python3.13/site-packages/sklearn/metrics/_classification.py:991: RuntimeWarning: invalid value encountered in scalar divide
  k = xp.sum(w_mat * confusion) / xp.sum(w_mat * expected)
/Users/nihadzitouni/miniforge3/lib/python3.13/site-packages/sklearn/metrics/_classification.py:991: RuntimeWarning: invalid value encountered in scalar divide
  k = xp.sum(w_mat * confusion) / xp.sum(w_mat * expected)
/Users/nihadzitouni/miniforge3/lib/python3.13/site-packages/sklearn/metrics/_classification.py:991: RuntimeWarning: invalid value encountered in scalar divide
  k = xp.sum(w_mat * confusion) / xp.sum(w_mat * expected)
/Users/nihadzitouni/miniforge3/lib/python3.13/site-packages/sklearn/metrics/_classification.py:991: RuntimeWarning: invalid value encountered in scalar divide
  k = xp.sum(w_mat * confusion) / xp.sum(w_mat * expected)
/Users/nihadzitouni/miniforge3/lib/python3.13/site-packages/sklearn/metrics/_classification.py:991: RuntimeWarning: invalid value encountered in scalar divide
  k = xp.sum(w_mat * confusion) / xp.sum(w_mat * expected)
[INFO] Using T1=500 (B=300 from S1, t=200 from S2)
[INFO] dims: S1=24, S2=25
[INFO] eval_window=100, detector=adwin, seed=17
[INFO] protocol=old3s_feature_evolution
[INFO] contiguous original stream interval: [14052, 14552), transition=14352
[INFO] INSECTS uses OLD3S-style feature evolution: S1=obsolete+shared, S2=shared+new.
[INFO] shared_frac=0.5, feature_seed=1314, scenario=balanced
[INFO] feature counts: old_only=8, shared=16, new_only=9
[INFO] known change pattern=abrupt, local exact abrupt points=[300], local reference points=[300]
[INFO] Global maj/min on evaluated stream: 3 4 {0: 54, 1: 54, 2: 37, 3: 300, 4: 7, 5: 48}
[INFO] T1=500, t=200, B=300, num_classes=6
[INFO] step 200/500
[INFO] S1->S2 boundary reached, created classifier_2
[INFO] step 400/500
[INFO] Predicted class distribution: Counter({3: 303, 1: 51, 0: 50, 5: 49, 2: 38, 4: 9})
[OK] Adaptive run done.
[INFO] Sanity baselines disabled for this orchestrated run.
[OK] Done.
