/Users/nihadzitouni/miniforge3/lib/python3.13/site-packages/sklearn/metrics/_classification.py:991: RuntimeWarning: invalid value encountered in scalar divide
  k = xp.sum(w_mat * confusion) / xp.sum(w_mat * expected)
[INFO] Using T1=500 (B=250 from S1, t=250 from S2)
[INFO] dims: S1=29, S2=29
[INFO] eval_window=75, detector=adwin, seed=17
[INFO] protocol=old3s_feature_evolution
[INFO] contiguous original stream interval: [34750, 35250), transition=35000
[INFO] INSECTS uses OLD3S-style feature evolution: S1=obsolete+shared, S2=shared+new.
[INFO] shared_frac=0.75, feature_seed=1314, scenario=balanced
[INFO] feature counts: old_only=4, shared=25, new_only=4
[INFO] known change pattern=incremental_throughout, local exact abrupt points=[], local reference points=[]
[INFO] Fixed S1-reference maj/min: 1 5 {0: 41, 1: 44, 2: 41, 3: 43, 4: 41, 5: 40}
[INFO] T1=500, t=250, B=250, num_classes=6
[INFO] step 200/500
[INFO] S1->S2 boundary reached, created classifier_2
[INFO] step 400/500
[INFO] Predicted class distribution: Counter({2: 104, 5: 83, 3: 83, 4: 79, 0: 76, 1: 75})
[OK] Adaptive run done.
[INFO] Sanity baselines disabled for this orchestrated run.
[OK] Done.
