[INFO] Using T1=1000 (B=250 from S1, t=750 from S2)
[INFO] dims: S1=24, S2=25
[INFO] eval_window=125, detector=adwin, seed=23
[INFO] protocol=old3s_feature_evolution
[INFO] contiguous original stream interval: [44750, 45750), transition=45000
[INFO] INSECTS uses OLD3S-style feature evolution: S1=obsolete+shared, S2=shared+new.
[INFO] shared_frac=0.5, feature_seed=1314, scenario=balanced
[INFO] feature counts: old_only=8, shared=16, new_only=9
[INFO] known change pattern=incremental_throughout, local exact abrupt points=[], local reference points=[]
[INFO] Fixed S1-reference maj/min: 2 1 {0: 38, 1: 34, 2: 48, 3: 46, 4: 44, 5: 40}
[INFO] T1=1000, t=750, B=250, num_classes=6
[INFO] step 200/1000
[INFO] S1->S2 boundary reached, created classifier_2
[INFO] step 400/1000
[INFO] step 600/1000
[INFO] step 800/1000
[INFO] step 1000/1000
[INFO] Predicted class distribution: Counter({2: 201, 3: 189, 4: 177, 5: 163, 0: 136, 1: 134})
[OK] Adaptive run done.
[INFO] Sanity baselines disabled for this orchestrated run.
[OK] Done.
