[INFO] Using T1=1500 (B=500 from S1, t=1000 from S2)
[INFO] dims: S1=24, S2=25
[INFO] eval_window=250, detector=adwin, seed=23
[INFO] protocol=old3s_feature_evolution
[INFO] contiguous original stream interval: [18500, 20000), transition=19000
[INFO] INSECTS uses OLD3S-style feature evolution: S1=obsolete+shared, S2=shared+new.
[INFO] shared_frac=0.5, feature_seed=1314, scenario=balanced
[INFO] feature counts: old_only=8, shared=16, new_only=9
[INFO] known change pattern=abrupt, local exact abrupt points=[1000], local reference points=[1000]
[INFO] Fixed S1-reference maj/min: 4 3 {3: 241, 4: 259}
[INFO] T1=1500, t=1000, B=500, num_classes=6
[INFO] step 200/1500
[INFO] step 400/1500
[INFO] S1->S2 boundary reached, created classifier_2
[INFO] step 600/1500
[INFO] step 800/1500
[INFO] step 1000/1500
[INFO] step 1200/1500
[INFO] step 1400/1500
[INFO] Predicted class distribution: Counter({4: 668, 3: 611, 5: 108, 1: 99, 0: 14})
[OK] Adaptive run done.
[INFO] Sanity baselines disabled for this orchestrated run.
[OK] Done.
