[INFO] Using T1=1000 (B=500 from S1, t=500 from S2)
[INFO] dims: S1=24, S2=17
[INFO] eval_window=125, detector=adwin, seed=17
[INFO] protocol=old3s_feature_evolution
[INFO] contiguous original stream interval: [34500, 35500), transition=35000
[INFO] INSECTS uses OLD3S-style feature evolution: S1=obsolete+shared, S2=shared+new.
[INFO] shared_frac=0.25, feature_seed=1314, scenario=s2_contracts
[INFO] feature counts: old_only=16, shared=8, new_only=9
[INFO] known change pattern=incremental_throughout, local exact abrupt points=[], local reference points=[]
[INFO] Fixed S1-reference maj/min: 0 2 {0: 85, 1: 85, 2: 81, 3: 82, 4: 85, 5: 82}
[INFO] T1=1000, t=500, B=500, num_classes=6
[INFO] step 200/1000
[INFO] step 400/1000
[INFO] S1->S2 boundary reached, created classifier_2
[INFO] step 600/1000
[INFO] step 800/1000
[INFO] step 1000/1000
[INFO] Predicted class distribution: Counter({4: 219, 0: 190, 5: 160, 2: 153, 1: 140, 3: 138})
[OK] Adaptive run done.
[INFO] Sanity baselines disabled for this orchestrated run.
[OK] Done.
