[INFO] Using T1=1500 (B=500 from S1, t=1000 from S2)
[INFO] dims: S1=24, S2=25
[INFO] eval_window=250, detector=adwin, seed=11
[INFO] protocol=old3s_feature_evolution
[INFO] contiguous original stream interval: [399500, 401000), transition=400000
[INFO] INSECTS uses OLD3S-style feature evolution: S1=obsolete+shared, S2=shared+new.
[INFO] shared_frac=0.5, feature_seed=1314, scenario=balanced
[INFO] feature counts: old_only=8, shared=16, new_only=9
[INFO] known change pattern=incremental_throughout, local exact abrupt points=[], local reference points=[]
[INFO] Fixed S1-reference maj/min: 0 3 {0: 171, 1: 157, 2: 39, 3: 13, 4: 57, 5: 63}
[INFO] T1=1500, t=1000, B=500, num_classes=6
[INFO] step 200/1500
[INFO] step 400/1500
[INFO] S1->S2 boundary reached, created classifier_2
[INFO] step 600/1500
[INFO] step 800/1500
[INFO] step 1000/1500
[INFO] step 1200/1500
[INFO] step 1400/1500
[INFO] Predicted class distribution: Counter({0: 633, 1: 533, 5: 151, 4: 136, 2: 47})
[OK] Adaptive run done.
[INFO] Sanity baselines disabled for this orchestrated run.
[OK] Done.
